# 统计时间: 2026-05-08 22:59:29
# 规则总数: 129318
# 唯一规则数: 129318
# 重复规则数: 0
# 重复率: 0.00%

# 本次构建抓取统计:
#   Direct.list: 来源 3 个, 成功 3 个, 失败 0 个
#   Proxy.list: 来源 1 个, 成功 1 个, 失败 0 个
#   Telegram.list: 来源 2 个, 成功 2 个, 失败 0 个
#   GameDownload.list: 来源 2 个, 成功 2 个, 失败 0 个
#   Apple.list: 来源 1 个, 成功 1 个, 失败 0 个
#   Steam.list: 来源 1 个, 成功 1 个, 失败 0 个
#   Microsoft.list: 来源 1 个, 成功 1 个, 失败 0 个
#   GitHub.list: 来源 1 个, 成功 1 个, 失败 0 个
#   Ai.list: 来源 6 个, 成功 6 个, 失败 0 个
#   Google.list: 来源 1 个, 成功 1 个, 失败 0 个
#   GoogleFCM.list: 来源 1 个, 成功 1 个, 失败 0 个
#   GlobalMedia.list: 来源 1 个, 成功 1 个, 失败 0 个
#   YouTube.list: 来源 2 个, 成功 2 个, 失败 0 个
#   ChinaMedia.list: 来源 1 个, 成功 1 个, 失败 0 个

# 各文件规则统计:
#   Ai.list: 66 条规则, 重复 0 条, 重复率 0.00%
#   Apple.list: 1591 条规则, 重复 0 条, 重复率 0.00%
#   ChinaMedia.list: 411 条规则, 重复 0 条, 重复率 0.00%
#   Direct.list: 116977 条规则, 重复 0 条, 重复率 0.00%
#   GameDownload.list: 55 条规则, 重复 0 条, 重复率 0.00%
#   GitHub.list: 31 条规则, 重复 0 条, 重复率 0.00%
#   GlobalMedia.list: 2054 条规则, 重复 0 条, 重复率 0.00%
#   Google.list: 705 条规则, 重复 0 条, 重复率 0.00%
#   GoogleFCM.list: 41 条规则, 重复 0 条, 重复率 0.00%
#   Microsoft.list: 670 条规则, 重复 0 条, 重复率 0.00%
#   Proxy.list: 6442 条规则, 重复 0 条, 重复率 0.00%
#   Steam.list: 54 条规则, 重复 0 条, 重复率 0.00%
#   Telegram.list: 37 条规则, 重复 0 条, 重复率 0.00%
#   YouTube.list: 184 条规则, 重复 0 条, 重复率 0.00%
